Csky GNU Linker

======================================================================

Section Cross References

	main.o(.text.startup.main) refers to main.o(.text.printHexLine) for printHexLine
	startup.o(.text) refers to main.o(.text.startup.main) for main
	wm_spi.o(.text.HAL_SPI_IRQHandler) refers to wm_spi.o(.text.HAL_SPI_TxRxCpltCallback) for HAL_SPI_TxRxCpltCallback
	wm_dma.o(.text.DMA_SetConfig) refers to main.o(.text.assert_failed) for assert_failed
	wm_dma.o(.text.HAL_DMA_Init) refers to main.o(.text.assert_failed) for assert_failed
	wm_dma.o(.text.HAL_DMA_Start_IT) refers to main.o(.text.assert_failed) for assert_failed
	wm_gpio.o(.text.HAL_GPIO_Init) refers to main.o(.text.assert_failed) for assert_failed
	wm_gpio.o(.text.HAL_GPIO_WritePin) refers to main.o(.text.assert_failed) for assert_failed
	wm_spi.o(.text.HAL_SPI_Init) refers to main.o(.text.assert_failed) for assert_failed
	wm_spi.o(.text.HAL_SPI_Init) refers to wm_spi.o(.text.HAL_SPI_MspInit) for HAL_SPI_MspInit
	startup.o(.text) refers to board_init.o(.text.board_init) for board_init
	puts.o(.text) refers to libc_port.o(.text.fputc) for fputc
	fputs.o(.text) refers to libc_port.o(.text.fputc) for fputc
	putc.o(.text) refers to libc_port.o(.text.fputc) for fputc
	main.o(.text.printHexLine) refers to libc_port.o(.text.wm_printf) for __cskyvprintfprintf
	main.o(.text.startup.main) refers to libc_port.o(.text.wm_printf) for __cskyvprintfprintf
	main.o(.text.assert_failed) refers to libc_port.o(.text.wm_printf) for __cskyvprintfprintf
	trap_c.o(.text.trap_c) refers to libc_port.o(.text.wm_printf) for __cskyvprintfprintf
	tasks.o(.text.vTaskSwitchContext) refers to libc_port.o(.text.wm_printf) for __cskyvprintfprintf
	startup.o(.text) refers to system.o(.text.SystemInit) for SystemInit
	wm_cpu.o(.text.SystemClock_Config) refers to wm_cpu.o(.text.HAL_InitTick) for HAL_InitTick
	main.o(.text.startup.main) refers to wm_cpu.o(.text.SystemClock_Config) for SystemClock_Config
	wm_spi.o(.text.HAL_SPI_TransmitReceive) refers to wm_cpu.o(.text.HAL_GetTick) for HAL_GetTick
	main.o(.text.startup.main) refers to wm_cpu.o(.text.HAL_NVIC_SetPriority) for HAL_NVIC_SetPriority
	main.o(.text.startup.main) refers to wm_cpu.o(.text.HAL_NVIC_EnableIRQ) for HAL_NVIC_EnableIRQ
	wm_spi.o(.text.HAL_SPI_IRQHandler) refers to wm_dma.o(.text.HAL_DMA_Start_IT) for HAL_DMA_Start_IT
	main.o(.text.startup.main) refers to wm_gpio.o(.text.HAL_GPIO_Init) for HAL_GPIO_Init
	main.o(.text.startup.main) refers to wm_gpio.o(.text.HAL_GPIO_WritePin) for HAL_GPIO_WritePin
	wm_spi.o(.text.HAL_SPI_Init) refers to wm_spi.o(.text.HAL_SPI_MspInit) for HAL_SPI_MspInit
	main.o(.text.startup.main) refers to wm_spi.o(.text.HAL_SPI_Init) for HAL_SPI_Init
	main.o(.text.startup.main) refers to wm_spi.o(.text.HAL_SPI_TransmitReceive) for HAL_SPI_TransmitReceive
	wm_spi.o(.text.HAL_SPI_IRQHandler) refers to wm_spi.o(.text.HAL_SPI_TxCpltCallback) for HAL_SPI_TxCpltCallback
	wm_spi.o(.text.HAL_SPI_IRQHandler) refers to wm_spi.o(.text.HAL_SPI_RxCpltCallback) for HAL_SPI_RxCpltCallback
	wm_spi.o(.text.HAL_SPI_IRQHandler) refers to wm_spi.o(.text.HAL_SPI_TxRxCpltCallback) for HAL_SPI_TxRxCpltCallback
	wm_spi.o(.text.HAL_SPI_IRQHandler) refers to wm_spi.o(.text.HAL_SPI_ErrorCallback) for HAL_SPI_ErrorCallback
	libc_port.o(.text._ftoa) refers to _fixunsdfsi.o(.text) for __fixunsdfsi
	libc_port.o(.text._ntoa_long_long) refers to _udivdi3.o(.text) for __udivdi3
	libc_port.o(.text._ntoa_long_long) refers to _umoddi3.o(.text) for __umoddi3
	libc_port.o(.text._etoa) refers to _addsub_df.o(.text) for __adddf3
	_fixunsdfsi.o(.text) refers to _addsub_df.o(.text) for __subdf3
	libc_port.o(.text._ftoa) refers to _addsub_df.o(.text) for __subdf3
	libc_port.o(.text._etoa) refers to _addsub_df.o(.text) for __subdf3
	libc_port.o(.text._ftoa) refers to _mul_df.o(.text) for __muldf3
	libc_port.o(.text._etoa) refers to _mul_df.o(.text) for __muldf3
	libc_port.o(.text._etoa) refers to _div_df.o(.text) for __divdf3
	libc_port.o(.text._ftoa) refers to _ne_df.o(.text) for __nedf2
	libc_port.o(.text._etoa) refers to _ne_df.o(.text) for __nedf2
	libc_port.o(.text._ftoa) refers to _gt_df.o(.text) for __gtdf2
	libc_port.o(.text._etoa) refers to _gt_df.o(.text) for __gtdf2
	_fixunsdfsi.o(.text) refers to _ge_df.o(.text) for __gedf2
	libc_port.o(.text._ftoa) refers to _ge_df.o(.text) for __gedf2
	libc_port.o(.text._etoa) refers to _ge_df.o(.text) for __gedf2
	libc_port.o(.text._ftoa) refers to _lt_df.o(.text) for __ltdf2
	libc_port.o(.text._etoa) refers to _lt_df.o(.text) for __ltdf2
	libc_port.o(.text._ftoa) refers to _si_to_df.o(.text) for __floatsidf
	libc_port.o(.text._etoa) refers to _si_to_df.o(.text) for __floatsidf
	_fixunsdfsi.o(.text) refers to _df_to_si.o(.text) for __fixdfsi
	libc_port.o(.text._ftoa) refers to _df_to_si.o(.text) for __fixdfsi
	libc_port.o(.text._etoa) refers to _df_to_si.o(.text) for __fixdfsi
	libc_port.o(.text._ftoa) refers to _usi_to_df.o(.text) for __floatunsidf
[...]
	Removing .text(csky_abs_q15_yv.o), (0 bytes).
	Removing .data(csky_abs_q15_yv.o), (0 bytes).
	Removing .bss(csky_abs_q15_yv.o), (0 bytes).
	Removing .text.csky_dsp_lib_vec_abs16(csky_abs_q15_yv.o), (58 bytes).
	Removing .csky.attributes(csky_abs_q15_yv.o), (54 bytes).
	Removing .text(csky_abs_q31_yv.o), (0 bytes).
	Removing .data(csky_abs_q31_yv.o), (0 bytes).
	Removing .bss(csky_abs_q31_yv.o), (0 bytes).
	Removing .text.csky_dsp_lib_vec_abs32(csky_abs_q31_yv.o), (78 bytes).
	Removing .csky.attributes(csky_abs_q31_yv.o), (54 bytes).
	Removing .text(csky_add_q15_yv.o), (0 bytes).
	Removing .data(csky_add_q15_yv.o), (0 bytes).
	Removing .bss(csky_add_q15_yv.o), (0 bytes).
	Removing .text.csky_dsp_lib_vec_add16(csky_add_q15_yv.o), (68 bytes).
	Removing .csky.attributes(csky_add_q15_yv.o), (54 bytes).
	Removing .text(csky_add_q31_yv.o), (0 bytes).
	Removing .data(csky_add_q31_yv.o), (0 bytes).
	Removing .bss(csky_add_q31_yv.o), (0 bytes).
	Removing .text.csky_dsp_lib_vec_add32(csky_add_q31_yv.o), (92 bytes).
	Removing .csky.attributes(csky_add_q31_yv.o), (54 bytes).
	Removing .text(csky_sub_q15_yv.o), (0 bytes).
	Removing .data(csky_sub_q15_yv.o), (0 bytes).
	Removing .bss(csky_sub_q15_yv.o), (0 bytes).
	Removing .text.csky_dsp_lib_vec_sub16(csky_sub_q15_yv.o), (68 bytes).
	Removing .csky.attributes(csky_sub_q15_yv.o), (54 bytes).
	Removing .text(csky_sub_q31_yv.o), (0 bytes).
	Removing .data(csky_sub_q31_yv.o), (0 bytes).
	Removing .bss(csky_sub_q31_yv.o), (0 bytes).
	Removing .text.csky_dsp_lib_vec_sub32(csky_sub_q31_yv.o), (92 bytes).
	Removing .csky.attributes(csky_sub_q31_yv.o), (54 bytes).
	Removing .text(csky_sum_q15_yv.o), (0 bytes).
	Removing .data(csky_sum_q15_yv.o), (0 bytes).
	Removing .bss(csky_sum_q15_yv.o), (0 bytes).
	Removing .text.csky_dsp_lib_vec_sum16(csky_sum_q15_yv.o), (70 bytes).
	Removing .csky.attributes(csky_sum_q15_yv.o), (54 bytes).
	Removing .text(csky_sum_q31_yv.o), (0 bytes).
	Removing .data(csky_sum_q31_yv.o), (0 bytes).
	Removing .bss(csky_sum_q31_yv.o), (0 bytes).
	Removing .text.csky_dsp_lib_vec_sum32(csky_sum_q31_yv.o), (78 bytes).
	Removing .csky.attributes(csky_sum_q31_yv.o), (54 bytes).
	Removing .text(csky_mult_q15_yv.o), (0 bytes).
	Removing .data(csky_mult_q15_yv.o), (0 bytes).
	Removing .bss(csky_mult_q15_yv.o), (0 bytes).
	Removing .text.csky_dsp_lib_vec_mul_q15(csky_mult_q15_yv.o), (68 bytes).
	Removing .csky.attributes(csky_mult_q15_yv.o), (54 bytes).
	Removing .text(csky_mult_q31_yv.o), (0 bytes).
	Removing .data(csky_mult_q31_yv.o), (0 bytes).
	Removing .bss(csky_mult_q31_yv.o), (0 bytes).
	Removing .text.csky_dsp_lib_vec_mul_q31(csky_mult_q31_yv.o), (92 bytes).
	Removing .csky.attributes(csky_mult_q31_yv.o), (54 bytes).
	Removing .text(csky_scale_q15_yv.o), (0 bytes).
	Removing .data(csky_scale_q15_yv.o), (0 bytes).
	Removing .bss(csky_scale_q15_yv.o), (0 bytes).
	Removing .text.csky_dsp_lib_vec_scale_q15(csky_scale_q15_yv.o), (122 bytes).
	Removing .csky.attributes(csky_scale_q15_yv.o), (54 bytes).
	Removing .text(csky_scale_q31_yv.o), (0 bytes).
	Removing .data(csky_scale_q31_yv.o), (0 bytes).
	Removing .bss(csky_scale_q31_yv.o), (0 bytes).
	Removing .text.csky_dsp_lib_vec_scale_q31(csky_scale_q31_yv.o), (204 bytes).
	Removing .csky.attributes(csky_scale_q31_yv.o), (54 bytes).
	Removing .text(csky_shift_q15_yv.o), (0 bytes).
	Removing .data(csky_shift_q15_yv.o), (0 bytes).
	Removing .bss(csky_shift_q15_yv.o), (0 bytes).
	Removing .text.csky_dsp_lib_vec_shr16(csky_shift_q15_yv.o), (120 bytes).
	Removing .csky.attributes(csky_shift_q15_yv.o), (54 bytes).
	Removing .text(csky_shift_q31_yv.o), (0 bytes).
	Removing .data(csky_shift_q31_yv.o), (0 bytes).
	Removing .bss(csky_shift_q31_yv.o), (0 bytes).
	Removing .text.csky_dsp_lib_vec_shf32(csky_shift_q31_yv.o), (160 bytes).
	Removing .csky.attributes(csky_shift_q31_yv.o), (54 bytes).
	Removing .text(csky_cmplx_conj_q15_yv.o), (0 bytes).
	Removing .data(csky_cmplx_conj_q15_yv.o), (0 bytes).
	Removing .bss(csky_cmplx_conj_q15_yv.o), (0 bytes).
	Removing .text.csky_dsp_lib_vec_cx_conj_q15(csky_cmplx_conj_q15_yv.o), (104 bytes).
	Removing .csky.attributes(csky_cmplx_conj_q15_yv.o), (54 bytes).
	Removing .text(csky_cmplx_conj_q31_yv.o), (0 bytes).
	Removing .data(csky_cmplx_conj_q31_yv.o), (0 bytes).
	Removing .bss(csky_cmplx_conj_q31_yv.o), (0 bytes).
	Removing .text.csky_dsp_lib_vec_cx_conj_q31(csky_cmplx_conj_q31_yv.o), (110 bytes).
	Removing .csky.attributes(csky_cmplx_conj_q31_yv.o), (54 bytes).
	Removing .text(csky_dot_prod_q15_yv.o), (0 bytes).
	Removing .data(csky_dot_prod_q15_yv.o), (0 bytes).
	Removing .bss(csky_dot_prod_q15_yv.o), (0 bytes).
	Removing .text.csky_dsp_lib_vec_dot_q15(csky_dot_prod_q15_yv.o), (66 bytes).
	Removing .csky.attributes(csky_dot_prod_q15_yv.o), (54 bytes).
	Removing .text(csky_dot_prod_q31_yv.o), (0 bytes).
	Removing .data(csky_dot_prod_q31_yv.o), (0 bytes).
	Removing .bss(csky_dot_prod_q31_yv.o), (0 bytes).
	Removing .text.csky_dsp_lib_vec_dot_q31(csky_dot_prod_q31_yv.o), (120 bytes).
	Removing .csky.attributes(csky_dot_prod_q31_yv.o), (54 bytes).
	Removing .text(csky_mat_cmplx_add_q15_yv.o), (0 bytes).
	Removing .data(csky_mat_cmplx_add_q15_yv.o), (0 bytes).
	Removing .bss(csky_mat_cmplx_add_q15_yv.o), (0 bytes).
	Removing .text.csky_dsp_lib_mat_cx_add16(csky_mat_cmplx_add_q15_yv.o), (98 bytes).
	Removing .csky.attributes(csky_mat_cmplx_add_q15_yv.o), (54 bytes).
	Removing .text(csky_mat_cmplx_add_q31_yv.o), (0 bytes).
	Removing .data(csky_mat_cmplx_add_q31_yv.o), (0 bytes).
	Removing .bss(csky_mat_cmplx_add_q31_yv.o), (0 bytes).
	Removing .text.csky_dsp_lib_mat_cx_add32(csky_mat_cmplx_add_q31_yv.o), (156 bytes).
	Removing .csky.attributes(csky_mat_cmplx_add_q31_yv.o), (54 bytes).
	Removing .text(csky_mat_cmplx_mult_q15_yv.o), (0 bytes).
	Removing .data(csky_mat_cmplx_mult_q15_yv.o), (0 bytes).
	Removing .bss(csky_mat_cmplx_mult_q15_yv.o), (0 bytes).
	Removing .text.csky_dsp_lib_mat_cx_mul_q15(csky_mat_cmplx_mult_q15_yv.o), (204 bytes).
	Removing .csky.attributes(csky_mat_cmplx_mult_q15_yv.o), (54 bytes).
	Removing .text(csky_mat_cmplx_mult_q31_yv.o), (0 bytes).
	Removing .data(csky_mat_cmplx_mult_q31_yv.o), (0 bytes).
	Removing .bss(csky_mat_cmplx_mult_q31_yv.o), (0 bytes).
	Removing .text.csky_dsp_lib_mat_cx_mul_q31(csky_mat_cmplx_mult_q31_yv.o), (348 bytes).
	Removing .csky.attributes(csky_mat_cmplx_mult_q31_yv.o), (54 bytes).
	Removing .text(csky_mat_cmplx_sub_q15_yv.o), (0 bytes).
	Removing .data(csky_mat_cmplx_sub_q15_yv.o), (0 bytes).
	Removing .bss(csky_mat_cmplx_sub_q15_yv.o), (0 bytes).
	Removing .text.csky_dsp_lib_mat_cx_sub16(csky_mat_cmplx_sub_q15_yv.o), (98 bytes).
	Removing .csky.attributes(csky_mat_cmplx_sub_q15_yv.o), (54 bytes).
	Removing .text(csky_mat_cmplx_sub_q31_yv.o), (0 bytes).
	Removing .data(csky_mat_cmplx_sub_q31_yv.o), (0 bytes).
	Removing .bss(csky_mat_cmplx_sub_q31_yv.o), (0 bytes).
	Removing .text.csky_dsp_lib_mat_cx_sub32(csky_mat_cmplx_sub_q31_yv.o), (156 bytes).
	Removing .csky.attributes(csky_mat_cmplx_sub_q31_yv.o), (54 bytes).
	Removing .text(csky_cfft_q15_yv.o), (0 bytes).
	Removing .data(csky_cfft_q15_yv.o), (0 bytes).
	Removing .bss(csky_cfft_q15_yv.o), (0 bytes).
	Removing .text.csky_fft_lib_cx16_fft(csky_cfft_q15_yv.o), (242 bytes).
	Removing .comment(csky_cfft_q15_yv.o), (65 bytes).
	Removing .csky.attributes(csky_cfft_q15_yv.o), (56 bytes).
	Removing .text(csky_cfft_q31_yv.o), (0 bytes).
	Removing .data(csky_cfft_q31_yv.o), (0 bytes).
	Removing .bss(csky_cfft_q31_yv.o), (0 bytes).
	Removing .text.csky_fft_lib_cx32_fft(csky_cfft_q31_yv.o), (242 bytes).
	Removing .comment(csky_cfft_q31_yv.o), (65 bytes).
	Removing .csky.attributes(csky_cfft_q31_yv.o), (56 bytes).
	Removing .text(csky_inv_cfft_q15_yv.o), (0 bytes).
	Removing .data(csky_inv_cfft_q15_yv.o), (0 bytes).
	Removing .bss(csky_inv_cfft_q15_yv.o), (0 bytes).
	Removing .text.csky_fft_lib_cx16_ifft(csky_inv_cfft_q15_yv.o), (242 bytes).
	Removing .comment(csky_inv_cfft_q15_yv.o), (65 bytes).
	Removing .csky.attributes(csky_inv_cfft_q15_yv.o), (56 bytes).
	Removing .text(csky_inv_cfft_q31_yv.o), (0 bytes).
	Removing .data(csky_inv_cfft_q31_yv.o), (0 bytes).
	Removing .bss(csky_inv_cfft_q31_yv.o), (0 bytes).
	Removing .text.csky_fft_lib_cx32_ifft(csky_inv_cfft_q31_yv.o), (242 bytes).
	Removing .comment(csky_inv_cfft_q31_yv.o), (65 bytes).
	Removing .csky.attributes(csky_inv_cfft_q31_yv.o), (56 bytes).
	Removing .text(csky_rfft_q15_yv.o), (0 bytes).
	Removing .data(csky_rfft_q15_yv.o), (0 bytes).
	Removing .bss(csky_rfft_q15_yv.o), (0 bytes).
	Removing .text.csky_fft_lib_int16_fft(csky_rfft_q15_yv.o), (74 bytes).
	Removing .comment(csky_rfft_q15_yv.o), (65 bytes).
	Removing .csky.attributes(csky_rfft_q15_yv.o), (56 bytes).
	Removing .text(csky_rfft_q31_yv.o), (0 bytes).
	Removing .data(csky_rfft_q31_yv.o), (0 bytes).
	Removing .bss(csky_rfft_q31_yv.o), (0 bytes).
	Removing .text.csky_fft_lib_int32_fft(csky_rfft_q31_yv.o), (66 bytes).
	Removing .comment(csky_rfft_q31_yv.o), (65 bytes).
	Removing .csky.attributes(csky_rfft_q31_yv.o), (56 bytes).
	Removing .text(csky_inv_rfft_q15_yv.o), (0 bytes).
	Removing .data(csky_inv_rfft_q15_yv.o), (0 bytes).
	Removing .bss(csky_inv_rfft_q15_yv.o), (0 bytes).
	Removing .text.csky_fft_lib_int16_ifft(csky_inv_rfft_q15_yv.o), (76 bytes).
	Removing .comment(csky_inv_rfft_q15_yv.o), (65 bytes).
	Removing .csky.attributes(csky_inv_rfft_q15_yv.o), (56 bytes).
	Removing .text(csky_inv_rfft_q31_yv.o), (0 bytes).
	Removing .data(csky_inv_rfft_q31_yv.o), (0 bytes).
	Removing .bss(csky_inv_rfft_q31_yv.o), (0 bytes).
	Removing .text.csky_fft_lib_int32_ifft(csky_inv_rfft_q31_yv.o), (68 bytes).
	Removing .comment(csky_inv_rfft_q31_yv.o), (65 bytes).
	Removing .csky.attributes(csky_inv_rfft_q31_yv.o), (56 bytes).
	Removing .text(csky_cfft_radix4_q15_yv.o), (0 bytes).
	Removing .data(csky_cfft_radix4_q15_yv.o), (0 bytes).
	Removing .bss(csky_cfft_radix4_q15_yv.o), (0 bytes).
	Removing .text.csky_radix4_butterfly_yv_q15(csky_cfft_radix4_q15_yv.o), (510 bytes).
	Removing .text.csky_radix4_butterfly_inverse_yv_q15(csky_cfft_radix4_q15_yv.o), (512 bytes).
	Removing .csky.attributes(csky_cfft_radix4_q15_yv.o), (54 bytes).
	Removing .text(csky_cfft_radix4_q31_yv.o), (0 bytes).
	Removing .data(csky_cfft_radix4_q31_yv.o), (0 bytes).
	Removing .bss(csky_cfft_radix4_q31_yv.o), (0 bytes).
	Removing .text.csky_radix4_butterfly_yv_q31(csky_cfft_radix4_q31_yv.o), (788 bytes).
	Removing .text.csky_radix4_butterfly_inverse_yv_q31(csky_cfft_radix4_q31_yv.o), (832 bytes).
	Removing .csky.attributes(csky_cfft_radix4_q31_yv.o), (54 bytes).
	Removing .text(csky_cfft_q15_yv.o), (0 bytes).
	Removing .data(csky_cfft_q15_yv.o), (0 bytes).
	Removing .bss(csky_cfft_q15_yv.o), (0 bytes).
	Removing .text.csky_cfft_radix4by2_yv_q15(csky_cfft_q15_yv.o), (146 bytes).
	Removing .text.csky_cfft_radix4by2_inverse_yv_q15(csky_cfft_q15_yv.o), (138 bytes).
	Removing .csky.attributes(csky_cfft_q15_yv.o), (54 bytes).
	Removing .text(csky_cfft_q31_yv.o), (0 bytes).
	Removing .data(csky_cfft_q31_yv.o), (0 bytes).
	Removing .bss(csky_cfft_q31_yv.o), (0 bytes).
	Removing .text.csky_cfft_radix4by2_yv_q31(csky_cfft_q31_yv.o), (174 bytes).
	Removing .text.csky_cfft_radix4by2_inverse_yv_q31(csky_cfft_q31_yv.o), (174 bytes).
	Removing .csky.attributes(csky_cfft_q31_yv.o), (54 bytes).
	Removing .text(csky_rfft_q31_yv.o), (0 bytes).
	Removing .data(csky_rfft_q31_yv.o), (0 bytes).
	Removing .bss(csky_rfft_q31_yv.o), (0 bytes).
	Removing .text.csky_split_rfft_yv_q31(csky_rfft_q31_yv.o), (176 bytes).
	Removing .text.csky_split_rifft_yv_q31(csky_rfft_q31_yv.o), (124 bytes).
	Removing .csky.attributes(csky_rfft_q31_yv.o), (54 bytes).
	Removing .text(csky_rfft_q15_yv.o), (0 bytes).
	Removing .data(csky_rfft_q15_yv.o), (0 bytes).
	Removing .bss(csky_rfft_q15_yv.o), (0 bytes).
	Removing .text.csky_split_rfft_yv_q15(csky_rfft_q15_yv.o), (154 bytes).
	Removing .text.csky_split_rifft_yv_q15(csky_rfft_q15_yv.o), (90 bytes).
	Removing .csky.attributes(csky_rfft_q15_yv.o), (54 bytes).
	Removing .text(fpclassify.o), (142 bytes).
	Removing .data(fpclassify.o), (0 bytes).
	Removing .bss(fpclassify.o), (0 bytes).
	Removing .comment(fpclassify.o), (67 bytes).
	Removing .csky.attributes(fpclassify.o), (52 bytes).
	Removing .data(_fixunsdfsi.o), (0 bytes).
	Removing .bss(_fixunsdfsi.o), (0 bytes).
	Removing .text(_fixsfdi.o), (38 bytes).
	Removing .data(_fixsfdi.o), (0 bytes).
	Removing .bss(_fixsfdi.o), (0 bytes).
	Removing .comment(_fixsfdi.o), (67 bytes).
	Removing .csky.attributes(_fixsfdi.o), (52 bytes).
	Removing .text(_fixunssfdi.o), (70 bytes).
	Removing .data(_fixunssfdi.o), (0 bytes).
	Removing .bss(_fixunssfdi.o), (0 bytes).
	Removing .comment(_fixunssfdi.o), (67 bytes).
	Removing .csky.attributes(_fixunssfdi.o), (52 bytes).
	Removing .data(_udivdi3.o), (0 bytes).
	Removing .bss(_udivdi3.o), (0 bytes).
	Removing .data(_umoddi3.o), (0 bytes).
	Removing .bss(_umoddi3.o), (0 bytes).
	Removing .text(_sf_to_df.o), (42 bytes).
	Removing .data(_sf_to_df.o), (0 bytes).
	Removing .bss(_sf_to_df.o), (0 bytes).
	Removing .comment(_sf_to_df.o), (67 bytes).
	Removing .csky.attributes(_sf_to_df.o), (52 bytes).
	Removing .data(_addsub_df.o), (0 bytes).
	Removing .bss(_addsub_df.o), (0 bytes).
	Removing .data(_mul_df.o), (0 bytes).
	Removing .bss(_mul_df.o), (0 bytes).
	Removing .data(_div_df.o), (0 bytes).
	Removing .bss(_div_df.o), (0 bytes).
	Removing .text(_eq_df.o), (56 bytes).
	Removing .data(_eq_df.o), (0 bytes).
	Removing .bss(_eq_df.o), (0 bytes).
	Removing .comment(_eq_df.o), (67 bytes).
	Removing .csky.attributes(_eq_df.o), (52 bytes).
	Removing .data(_ne_df.o), (0 bytes).
	Removing .bss(_ne_df.o), (0 bytes).
	Removing .data(_gt_df.o), (0 bytes).
	Removing .bss(_gt_df.o), (0 bytes).
	Removing .data(_ge_df.o), (0 bytes).
	Removing .bss(_ge_df.o), (0 bytes).
	Removing .data(_lt_df.o), (0 bytes).
	Removing .bss(_lt_df.o), (0 bytes).
	Removing .data(_si_to_df.o), (0 bytes).
	Removing .bss(_si_to_df.o), (0 bytes).
	Removing .data(_df_to_si.o), (0 bytes).
	Removing .bss(_df_to_si.o), (0 bytes).
	Removing .text(_make_df.o), (46 bytes).
	Removing .data(_make_df.o), (0 bytes).
	Removing .bss(_make_df.o), (0 bytes).
	Removing .comment(_make_df.o), (67 bytes).
	Removing .csky.attributes(_make_df.o), (52 bytes).
	Removing .text(_thenan_df.o), (0 bytes).
	Removing .data(_thenan_df.o), (0 bytes).
	Removing .bss(_thenan_df.o), (0 bytes).
	Removing .data(_usi_to_df.o), (0 bytes).
	Removing .bss(_usi_to_df.o), (0 bytes).
	Removing .data(_muldi3.o), (0 bytes).
	Removing .bss(_muldi3.o), (0 bytes).
	Removing .text(_clz.o), (0 bytes).
	Removing .data(_clz.o), (0 bytes).
	Removing .bss(_clz.o), (0 bytes).
	Removing .text(_unpack_sf.o), (124 bytes).
	Removing .data(_unpack_sf.o), (0 bytes).
	Removing .bss(_unpack_sf.o), (0 bytes).
	Removing .comment(_unpack_sf.o), (67 bytes).
	Removing .csky.attributes(_unpack_sf.o), (52 bytes).
	Removing .data(_pack_df.o), (0 bytes).
	Removing .bss(_pack_df.o), (0 bytes).
	Removing .data(_unpack_df.o), (0 bytes).
	Removing .bss(_unpack_df.o), (0 bytes).
	Removing .data(_fpcmp_parts_df.o), (0 bytes).
	Removing .bss(_fpcmp_parts_df.o), (0 bytes).
	Removing .text(isspace.o), (20 bytes).
	Removing .data(isspace.o), (0 bytes).
	Removing .bss(isspace.o), (0 bytes).
	Removing .csky.attributes(isspace.o), (50 bytes).
	Removing .data(putchar.o), (0 bytes).
	Removing .bss(putchar.o), (0 bytes).
	Removing .data(puts.o), (0 bytes).
	Removing .bss(puts.o), (0 bytes).
	Removing .text(stdinit.o), (0 bytes).
	Removing .bss(stdinit.o), (0 bytes).
	Removing .text(strtod.o), (612 bytes).
	Removing .data(strtod.o), (0 bytes).
	Removing .bss(strtod.o), (0 bytes).
	Removing .rodata(strtod.o), (40 bytes).
	Removing .comment(strtod.o), (67 bytes).
	Removing .csky.attributes(strtod.o), (52 bytes).
	Removing .text(strtof.o), (12 bytes).
	Removing .data(strtof.o), (0 bytes).
	Removing .bss(strtof.o), (0 bytes).
	Removing .comment(strtof.o), (67 bytes).
	Removing .csky.attributes(strtof.o), (52 bytes).
	Removing .text(abs.o), (6 bytes).
	Removing .data(abs.o), (0 bytes).
	Removing .bss(abs.o), (0 bytes).
	Removing .csky.attributes(abs.o), (50 bytes).
	Removing .text(memcmp_fast.o), (330 bytes).
	Removing .data(memcmp_fast.o), (0 bytes).
	Removing .bss(memcmp_fast.o), (0 bytes).
	Removing .csky.attributes(memcmp_fast.o), (50 bytes).
	Removing .text(memcpy_fast.o), (126 bytes).
	Removing .data(memcpy_fast.o), (0 bytes).
	Removing .bss(memcpy_fast.o), (0 bytes).
	Removing .csky.attributes(memcpy_fast.o), (50 bytes).
	Removing .text(memset_fast.o), (160 bytes).
	Removing .data(memset_fast.o), (0 bytes).
	Removing .bss(memset_fast.o), (0 bytes).
	Removing .csky.attributes(memset_fast.o), (50 bytes).
	Removing .text(strchr.o), (18 bytes).
	Removing .data(strchr.o), (0 bytes).
	Removing .bss(strchr.o), (0 bytes).
	Removing .csky.attributes(strchr.o), (50 bytes).
	Removing .text(strcpy_fast.o), (202 bytes).
	Removing .data(strcpy_fast.o), (0 bytes).
	Removing .bss(strcpy_fast.o), (0 bytes).
	Removing .csky.attributes(strcpy_fast.o), (50 bytes).
	Removing .text(strlen_fast.o), (62 bytes).
	Removing .data(strlen_fast.o), (0 bytes).
	Removing .bss(strlen_fast.o), (0 bytes).
	Removing .csky.attributes(strlen_fast.o), (50 bytes).
	Removing .text(isdigit.o), (8 bytes).
	Removing .data(isdigit.o), (0 bytes).
	Removing .bss(isdigit.o), (0 bytes).
	Removing .csky.attributes(isdigit.o), (50 bytes).
	Removing .text(minilibc_init.o), (56 bytes).
	Removing .data(minilibc_init.o), (0 bytes).
	Removing .bss(minilibc_init.o), (0 bytes).
	Removing .comment(minilibc_init.o), (67 bytes).
	Removing .csky.attributes(minilibc_init.o), (52 bytes).
	Removing COMMON(minilibc_init.o), (8 bytes).
	Removing .data(critical.o), (0 bytes).
	Removing .bss(critical.o), (0 bytes).
	Removing .data(fputs.o), (0 bytes).
	Removing .bss(fputs.o), (0 bytes).
	Removing .data(putc.o), (0 bytes).
	Removing .bss(putc.o), (0 bytes).
	Removing .text(_df_to_sf.o), (52 bytes).
	Removing .data(_df_to_sf.o), (0 bytes).
	Removing .bss(_df_to_sf.o), (0 bytes).
	Removing .comment(_df_to_sf.o), (67 bytes).
	Removing .csky.attributes(_df_to_sf.o), (52 bytes).
	Removing .text(_make_sf.o), (22 bytes).
	Removing .data(_make_sf.o), (0 bytes).
	Removing .bss(_make_sf.o), (0 bytes).
	Removing .comment(_make_sf.o), (67 bytes).
	Removing .csky.attributes(_make_sf.o), (52 bytes).
	Removing .text(_pack_sf.o), (192 bytes).
	Removing .data(_pack_sf.o), (0 bytes).
	Removing .bss(_pack_sf.o), (0 bytes).
	Removing .comment(_pack_sf.o), (67 bytes).
	Removing .csky.attributes(_pack_sf.o), (52 bytes).

3269 unused seciton(s) (total 1486663 bytes) removed from the image.

======================================================================

Image Symbol Table 

	Local Symbols

	Symbol Name                        Value        Type   Size  Section
	_addsub_df.o                       0x00000000     df        0  *ABS*
	_df_to_si.o                        0x00000000     df        0  *ABS*
	_div_df.o                          0x00000000     df        0  *ABS*
	_fixunsdfsi.o                      0x00000000     df        0  *ABS*
	_fpcmp_parts_df.o                  0x00000000     df        0  *ABS*
	_ge_df.o                           0x00000000     df        0  *ABS*
	_gt_df.o                           0x00000000     df        0  *ABS*
	_lt_df.o                           0x00000000     df        0  *ABS*
	_mul_df.o                          0x00000000     df        0  *ABS*
	_muldi3.o                          0x00000000     df        0  *ABS*
	_ne_df.o                           0x00000000     df        0  *ABS*
	_pack_df.o                         0x00000000     df        0  *ABS*
	_si_to_df.o                        0x00000000     df        0  *ABS*
	_udivdi3.o                         0x00000000     df        0  *ABS*
	_umoddi3.o                         0x00000000     df        0  *ABS*
	_unpack_df.o                       0x00000000     df        0  *ABS*
	_usi_to_df.o                       0x00000000     df        0  *ABS*
	board_init.o                       0x00000000     df        0  *ABS*
	cpu_task_sw.o                      0x00000000     df        0  *ABS*
	critical.o                         0x00000000     df        0  *ABS*
	fputs.o                            0x00000000     df        0  *ABS*
	libc_port.o                        0x00000000     df        0  *ABS*
	main.o                             0x00000000     df        0  *ABS*
	putc.o                             0x00000000     df        0  *ABS*
	putchar.o                          0x00000000     df        0  *ABS*
	puts.o                             0x00000000     df        0  *ABS*
	startup.o                          0x00000000     df        0  *ABS*
	stdinit.o                          0x00000000     df        0  *ABS*
	system.o                           0x00000000     df        0  *ABS*
	tasks.o                            0x00000000     df        0  *ABS*
	trap_c.o                           0x00000000     df        0  *ABS*
	vectors.o                          0x00000000     df        0  *ABS*
	wm_cpu.o                           0x00000000     df        0  *ABS*
	wm_dma.o                           0x00000000     df        0  *ABS*
	wm_gpio.o                          0x00000000     df        0  *ABS*
	wm_hal_msp.o                       0x00000000     df        0  *ABS*
	wm_it.o                            0x00000000     df        0  *ABS*
	wm_spi.o                           0x00000000     df        0  *ABS*
	$d                                 0x08010500               0  .text
	$t                                 0x08010500               0  .text
	_start                             0x08010500               0  .text
	__exit                             0x08010560               0  .text
	$d                                 0x08010562               0  .text
	$t                                 0x0801058c               0  .text
	$d                                 0x080105d2               0  .text
	$t                                 0x080105dc               0  .text
	$d                                 0x08010674               0  .text
	$d                                 0x0801067c               0  .text
	$t                                 0x0801067c               0  .text
	$d                                 0x080106b4               0  .text
	$t                                 0x080106b4               0  .text
	$d                                 0x080109e2               0  .text
	$d                                 0x080109e8               0  .text
	$t                                 0x080109e8               0  .text
	$d                                 0x08010d08               0  .text
	_fpadd_parts                       0x08010d0c      F      706  .text
	$d                                 0x08010d0c               0  .text
	$t                                 0x08010d0c               0  .text
	$d                                 0x08011038               0  .text
	$d                                 0x0801103c               0  .text
	$t                                 0x0801103c               0  .text
	$d                                 0x08011238               0  .text
	$d                                 0x0801123c               0  .text
	$t                                 0x0801123c               0  .text
	$d                                 0x0801134e               0  .text
	$d                                 0x08011354               0  .text
	$t                                 0x08011354               0  .text
	$d                                 0x0801138c               0  .text
	$t                                 0x0801138c               0  .text
	$d                                 0x080113cc               0  .text
	$t                                 0x080113cc               0  .text
	$d                                 0x0801140c               0  .text
	$t                                 0x0801140c               0  .text
	$d                                 0x08011444               0  .text
	$t                                 0x08011444               0  .text
	$d                                 0x080114ac               0  .text
	$t                                 0x080114ac               0  .text
	$d                                 0x0801151c               0  .text
	$t                                 0x0801151c               0  .text
	$d                                 0x08011574               0  .text
	$t                                 0x08011574               0  .text
	$d                                 0x080115c0               0  .text
	$t                                 0x080115c0               0  .text
	$d                                 0x08011750               0  .text
	$t                                 0x08011750               0  .text
	$d                                 0x08011834               0  .text
	$t                                 0x08011834               0  .text
	$d                                 0x080118f8               0  .text
	$t                                 0x080118f8               0  .text
	$d                                 0x08011904               0  .text
	$d                                 0x08011908               0  .text
	$t                                 0x08011908               0  .text
	$d                                 0x0801191c               0  .text
	$d                                 0x08011920               0  .text
	$t                                 0x08011920               0  .text
	$d                                 0x08011930               0  .text
	$t                                 0x08011930               0  .text
	$d                                 0x0801197c               0  .text
	$t                                 0x0801197c               0  .text
	$d                                 0x08011984               0  .text
	$t                                 0x08011984               0  .text
	$d                                 0x080119fc               0  .text
	$d                                 0x08011a00               0  .text
	$t                                 0x08011a00               0  .text
	$d                                 0x08011bfa               0  .text
	$d                                 0x08011c18               0  .text
	$t                                 0x08011c18               0  .text
	$d                                 0x08011c1c               0  .text
	$t                                 0x08011c1c               0  .text
	$d                                 0x08011c20               0  .text
	$t                                 0x08011c20               0  .text
	$d                                 0x08011c2e               0  .text
	$d                                 0x08011c34               0  .text
	$t                                 0x08011c34               0  .text
	$d                                 0x08011cf2               0  .text
	$d                                 0x08011d00               0  .text
	$t                                 0x08011d00               0  .text
	$d                                 0x08011d30               0  .text
	$d                                 0x08011d34               0  .text
	$t                                 0x08011d34               0  .text
	$d                                 0x08011d62               0  .text
	$d                                 0x08011d68               0  .text
	$t                                 0x08011d68               0  .text
	$d                                 0x08011d96               0  .text
	$d                                 0x08011d9c               0  .text
	$t                                 0x08011d9c               0  .text
	$d                                 0x08011dca               0  .text
	$d                                 0x08011dd0               0  .text
	$t                                 0x08011dd0               0  .text
	$d                                 0x08011df6               0  .text
	_out_uart                          0x08011e00      F       16  .text
	$d                                 0x08011e00               0  .text
	$t                                 0x08011e00               0  .text
	$d                                 0x08011e10               0  .text
	_out_null                          0x08011e14      F        2  .text
	$d                                 0x08011e14               0  .text
	$t                                 0x08011e14               0  .text
	_out_rev                           0x08011e18      F      154  .text
	$d                                 0x08011e18               0  .text
	$t                                 0x08011e18               0  .text
	_ntoa_format                       0x08011eb4      F      486  .text
	$d                                 0x08011eb4               0  .text
	$t                                 0x08011eb4               0  .text
	_ntoa_long                         0x0801209c      F      192  .text
	$d                                 0x0801209c               0  .text
	$t                                 0x0801209c               0  .text
	_ntoa_long_long                    0x0801215c      F      214  .text
	$d                                 0x0801215c               0  .text
	$t                                 0x0801215c               0  .text
	_ftoa                              0x08012234      F     1170  .text
	$d                                 0x08012234               0  .text
	$t                                 0x08012234               0  .text
	$d                                 0x080125b2               0  .text
	$t                                 0x080125d4               0  .text
	$d                                 0x080126c6               0  .text
	_etoa                              0x080126cc      F     1162  .text
	$d                                 0x080126cc               0  .text
	$t                                 0x080126cc               0  .text
	$d                                 0x08012acc               0  .text
	$t                                 0x08012b08               0  .text
	_vsnprintf                         0x08012b58      F     2650  .text
	$d                                 0x08012b58               0  .text
	$t                                 0x08012b58               0  .text
	$d                                 0x08012b9a               0  .text
	$t                                 0x08012ba4               0  .text
	$d                                 0x08012bfe               0  .text
	$t                                 0x08012c04               0  .text
	$d                                 0x08012c20               0  .text
	$t                                 0x08012c24               0  .text
	$d                                 0x080135b4               0  .text
	$t                                 0x080135b4               0  .text
	$d                                 0x080135ca               0  .text
	$d                                 0x080135d0               0  .text
	$t                                 0x080135d0               0  .text
	$d                                 0x080135fe               0  .text
	$d                                 0x08013604               0  .text
	$t                                 0x08013604               0  .text
	$d                                 0x0801362a               0  .text
	$d                                 0x08013634               0  .text
	$t                                 0x08013634               0  .text
	$d                                 0x0801369e               0  .text
	$d                                 0x080136b0               0  .text
	$t                                 0x080136b0               0  .text
	$d                                 0x0801372e               0  .text
	$d                                 0x0801374c               0  .text
	$t                                 0x0801374c               0  .text
	$d                                 0x080137b0               0  .text
	$d                                 0x080137bc               0  .text
	$t                                 0x080137bc               0  .text
	$d                                 0x0801381c               0  .text
	$t                                 0x0801381c               0  .text
	$d                                 0x08013826               0  .text
	$d                                 0x0801382c               0  .text
	$t                                 0x0801382c               0  .text
	$d                                 0x08013832               0  .text
	$d                                 0x08013838               0  .text
	$t                                 0x08013838               0  .text
	$d                                 0x08013866               0  .text
	$d                                 0x0801386c               0  .text
	$t                                 0x0801386c               0  .text
	$d                                 0x08013886               0  .text
	DMA_SetConfig                      0x0801388c      F      296  .text
	$d                                 0x0801388c               0  .text
	$t                                 0x0801388c               0  .text
	$d                                 0x080139b4               0  .text
	$d                                 0x080139b8               0  .text
	$t                                 0x080139b8               0  .text
	$d                                 0x08013bc6               0  .text
	$d                                 0x08013bd4               0  .text
	$t                                 0x08013bd4               0  .text
	$d                                 0x08013c50               0  .text
	$d                                 0x08013c54               0  .text
	$t                                 0x08013c54               0  .text
	$d                                 0x08013d30               0  .text
	$t                                 0x08013d30               0  .text
	$d                                 0x08013df6               0  .text
	$t                                 0x08013e08               0  .text
	$d                                 0x08013f18               0  .text
	$d                                 0x08013f1c               0  .text
	$t                                 0x08013f1c               0  .text
	$d                                 0x08013f6c               0  .text
	SPI_Receive_IT                     0x08013f70      F       88  .text
	$d                                 0x08013f70               0  .text
	$t                                 0x08013f70               0  .text
	$d                                 0x08013fc8               0  .text
	$t                                 0x08013fc8               0  .text
	$d                                 0x08014088               0  .text
	$d                                 0x0801408c               0  .text
	$t                                 0x0801408c               0  .text
	$d                                 0x08014328               0  .text
	$t                                 0x08014328               0  .text
	$d                                 0x0801432c               0  .text
	$t                                 0x0801432c               0  .text
	$d                                 0x08014330               0  .text
	$t                                 0x08014330               0  .text
	$d                                 0x08014334               0  .text
	$t                                 0x08014334               0  .text
	pow10.6361                         0x080149e0      O       80  .rodata
	__stderr                           0x20000104      O       28  .data
	__stdout                           0x20000124      O       28  .data
	__stdin                            0x20000144      O       28  .data
	pxReadyTasksLists                  0x20006188      O     1260  .bss
	uxSchedulerSuspended               0x20006674      O        4  .bss
	uxTopReadyPriority                 0x20006678      O        4  .bss
	xYieldPending                      0x2000667c      O        4  .bss

	Global Symbols

	Symbol Name                        Value        Type   Size  Section
	__min_heap_size                    0x00000000               0  *ABS*
	__Vectors                          0x08010400      O      256  .text
	Reset_Handler                      0x08010500      F       96  .text
	__stext                            0x08010500               0  .text
	trap                               0x0801058c      F        0  .text
	ADC_IRQHandler                     0x080105d0    w F        2  .text
	BLE_IRQHandler                     0x080105d0    w F        2  .text
	BT_IRQHandler                      0x080105d0    w F        2  .text
	DMA_BRUST_IRQHandler               0x080105d0    w F        2  .text
	DMA_Channel2_IRQHandler            0x080105d0    w F        2  .text
	DMA_Channel3_IRQHandler            0x080105d0    w F        2  .text
	DMA_Channel4_7_IRQHandler          0x080105d0    w F        2  .text
	Default_Handler                    0x080105d0    w F        2  .text
	FLASH_IRQHandler                   0x080105d0    w F        2  .text
	GPIOA_IRQHandler                   0x080105d0    w F        2  .text
	GPIOB_IRQHandler                   0x080105d0    w F        2  .text
	GPSEC_IRQHandler                   0x080105d0    w F        2  .text
	I2C_IRQHandler                     0x080105d0    w F        2  .text
	I2S_IRQHandler                     0x080105d0    w F        2  .text
	MAC_IRQHandler                     0x080105d0    w F        2  .text
	PMU_IRQHandler                     0x080105d0    w F        2  .text
	PWM_IRQHandler                     0x080105d0    w F        2  .text
	RF_Cfg_IRQHandler                  0x080105d0    w F        2  .text
	RSA_IRQHandler                     0x080105d0    w F        2  .text
	SDIO_HOST_IRQHandler               0x080105d0    w F        2  .text
	SDIO_IRQHandler                    0x080105d0    w F        2  .text
	SEC_IRQHandler                     0x080105d0    w F        2  .text
	SPI_HS_IRQHandler                  0x080105d0    w F        2  .text
	TIM0_5_IRQHandler                  0x080105d0    w F        2  .text
	TOUCH_IRQHandler                   0x080105d0    w F        2  .text
	UART0_IRQHandler                   0x080105d0    w F        2  .text
	UART1_IRQHandler                   0x080105d0    w F        2  .text
	UART2_5_IRQHandler                 0x080105d0    w F        2  .text
	WDG_IRQHandler                     0x080105d0    w F        2  .text
	cpu_yeild                          0x080105dc      F        0  .text
	vPortStartTask                     0x080105e6      F        0  .text
	tspend_handler                     0x08010618      F        2  .text
	__fixunsdfsi                       0x0801067c      F       56  .text
	__udivdi3                          0x080106b4      F      814  .text
	__umoddi3                          0x080109e8      F      800  .text
	__adddf3                           0x08010fd0      F       48  .text
	__subdf3                           0x08011000      F       56  .text
	__muldf3                           0x0801103c      F      508  .text
	__divdf3                           0x0801123c      F      274  .text
	__nedf2                            0x08011354      F       56  .text
	__gtdf2                            0x0801138c      F       64  .text
	__gedf2                            0x080113cc      F       64  .text
	__ltdf2                            0x0801140c      F       56  .text
	__floatsidf                        0x08011444      F      104  .text
	__fixdfsi                          0x080114ac      F      112  .text
	__floatunsidf                      0x0801151c      F       86  .text
	__muldi3                           0x08011574      F       74  .text
	__pack_d                           0x080115c0      F      398  .text
	__unpack_d                         0x08011750      F      228  .text
	__fpcmp_parts_d                    0x08011834      F      194  .text
	__GI_putchar                       0x080118f8      F       12  .text
	putchar                            0x080118f8    w F       12  .text
	__GI_puts                          0x08011908      F       20  .text
	puts                               0x08011908    w F       20  .text
	__GI_os_critical_open              0x08011920      F        4  .text
	os_critical_open                   0x08011920    w F        4  .text
	__GI_os_critical_enter             0x08011924      F        4  .text
	os_critical_enter                  0x08011924    w F        4  .text
	__GI_os_critical_exit              0x08011928      F        4  .text
	os_critical_exit                   0x08011928    w F        4  .text
	__GI_os_critical_close             0x0801192c      F        4  .text
	os_critical_close                  0x0801192c    w F        4  .text
	__GI_fputs                         0x08011930      F       74  .text
	fputs                              0x08011930    w F       74  .text
	__GI_putc                          0x0801197c      F        8  .text
	putc                               0x0801197c    w F        8  .text
	printHexLine                       0x08011984      F      120  .text
	main                               0x08011a00      F      506  .text
	HAL_SPI_TxRxCpltCallback           0x08011c18      F        2  .text
	Error_Handler                      0x08011c1c      F        2  .text
	assert_failed                      0x08011c20      F       14  .text
	HAL_SPI_MspInit                    0x08011c34      F      190  .text
	CORET_IRQHandler                   0x08011d00      F       48  .text
	SPI_LS_IRQHandler                  0x08011d34      F       46  .text
	DMA_Channel0_IRQHandler            0x08011d68      F       46  .text
	DMA_Channel1_IRQHandler            0x08011d9c      F       46  .text
	board_init                         0x08011dd0      F       38  .text
	fputc                              0x080135b4      F       22  .text
	wm_printf                          0x080135d0      F       46  .text
	__cskyvprintfprintf                0x080135d0    w F       46  .text
	SystemInit                         0x08013604      F       38  .text
	trap_c                             0x08013634      F      106  .text
	vTaskSwitchContext                 0x080136b0      F      126  .text
	HAL_InitTick                       0x0801374c    w F      100  .text
	SystemClock_Config                 0x080137bc      F       96  .text
	HAL_IncTick                        0x0801381c    w F       10  .text
	HAL_GetTick                        0x0801382c    w F        6  .text
	HAL_NVIC_SetPriority               0x08013838      F       46  .text
	HAL_NVIC_EnableIRQ                 0x0801386c      F       26  .text
	HAL_DMA_Init                       0x080139b8      F      526  .text
	HAL_DMA_Start_IT                   0x08013bd4      F      124  .text
	HAL_DMA_IRQHandler                 0x08013c54      F      218  .text
	HAL_GPIO_Init                      0x08013d30      F      488  .text
	HAL_GPIO_WritePin                  0x08013f1c      F       80  .text
	HAL_SPI_Init                       0x08013fc8      F      192  .text
	HAL_SPI_TransmitReceive            0x0801408c      F      666  .text
	HAL_SPI_TxCpltCallback             0x08014328    w F        2  .text
	HAL_SPI_RxCpltCallback             0x0801432c    w F        2  .text
	HAL_SPI_ErrorCallback              0x08014330    w F        2  .text
	HAL_SPI_IRQHandler                 0x08014334      F      666  .text
	__etext                            0x080145d0               0  .text
	__srodata                          0x080145d0               0  .rodata
	__thenan_df                        0x080145d0      O       20  .rodata
	__clz_tab                          0x080145e4      O      256  .rodata
	__erodata                          0x08014abc               0  .rodata
	__vdata_start__                    0x20000000               0  .vdata
	irq_vectors                        0x20000000      O      256  .vdata
	__vdata_end__                      0x20000100               0  .vdata
	irq_vectors_end                    0x20000100               0  .vdata
	__data_start__                     0x20000100               0  .data
	__sdata                            0x20000100               0  .data
	data_start                         0x20000100               0  .data
	stderr                             0x20000100      O        4  .data
	stdout                             0x20000120      O        4  .data
	stdin                              0x20000140      O        4  .data
	__data_end__                       0x20000160               0  .data
	__edata                            0x20000160               0  .data
	__start_cmd                        0x20000160               0  .data
	__start_init_call                  0x20000160               0  .data
	__stop_cmd                         0x20000160               0  .data
	__stop_init_call                   0x20000160               0  .data
	__bss_start__                      0x20000160               0  .bss
	__sbss                             0x20000160               0  .bss
	g_intstackalloc                    0x20000160               0  .bss
	g_intstackbase                     0x20000160               0  .bss
	g_top_irqstack                     0x20001160               0  .bss
	g_trapstackalloc                   0x20001160               0  .bss
	g_trapstackbase                    0x20001160               0  .bss
	g_top_trapstack                    0x20001360               0  .bss
	g_trap_sp                          0x20001360      O        4  .bss
	rx_data                            0x20001364      O    10000  .bss
	tx_data                            0x20003a74      O    10000  .bss
	pxCurrentTCB                       0x20006184      O        4  .bss
	hdma_spi_rx                        0x20006680      O       76  .bss
	hdma_spi_tx                        0x200066cc      O       76  .bss
	hspi                               0x20006718      O       72  .bss
	uwTick                             0x20006760      O        4  .bss
	uwTickPrio                         0x20006764      O        4  .bss
	__bss_end__                        0x20006768               0  .bss
	__ebss                             0x20006768               0  .bss
	__end                              0x20006768               0  .bss
	end                                0x20006768               0  .bss
	__heap_start                       0x20006768               0  ._user_heap

	(w:Weak    d:Deubg    F:Function    f:File name    O:Zero)


======================================================================

Memory Map of the image

    Image Entry point : 0x08010500

    Region I-SRAM (Base: 0x08010400, Size: 0x0000471c, Max: 0x000efc00)

    Base Addr    Size         Type   Attr      Idx   Section Name       Object
    0x08010500   0x0000008c   Code   RO        144  .text          	startup.o
    0x0801058c   0x00000050   Code   RO        187  .text          	vectors.o
    0x080105dc   0x000000a0   Code   RO        239  .text          	cpu_task_sw.o
    0x0801067c   0x00000038   Code   RO       3865  .text          	_fixunsdfsi.o
    0x080106b4   0x00000334   Code   RO       3886  .text          	_udivdi3.o
    0x080109e8   0x00000324   Code   RO       3893  .text          	_umoddi3.o
    0x08010d0c   0x00000330   Code   RO       3907  .text          	_addsub_df.o
    0x0801103c   0x00000200   Code   RO       3914  .text          	_mul_df.o
    0x0801123c   0x00000118   Code   RO       3921  .text          	_div_df.o
    0x08011354   0x00000038   Code   RO       3935  .text          	_ne_df.o
    0x0801138c   0x00000040   Code   RO       3942  .text          	_gt_df.o
    0x080113cc   0x00000040   Code   RO       3949  .text          	_ge_df.o
    0x0801140c   0x00000038   Code   RO       3956  .text          	_lt_df.o
    0x08011444   0x00000068   Code   RO       3963  .text          	_si_to_df.o
    0x080114ac   0x00000070   Code   RO       3970  .text          	_df_to_si.o
    0x0801151c   0x00000056   Code   RO       3991  .text          	_usi_to_df.o
    0x08011572   0x00000002   PAD
    0x08011574   0x0000004a   Code   RO       3998  .text          	_muldi3.o
    0x080115be   0x00000002   PAD
    0x080115c0   0x0000018e   Code   RO       4018  .text          	_pack_df.o
    0x0801174e   0x00000002   PAD
    0x08011750   0x000000e4   Code   RO       4025  .text          	_unpack_df.o
    0x08011834   0x000000c2   Code   RO       4032  .text          	_fpcmp_parts_df.o
    0x080118f6   0x00000002   PAD
    0x080118f8   0x00000010   Code   RO       4050  .text          	putchar.o
    0x08011908   0x00000018   Code   RO       4057  .text          	puts.o
    0x08011920   0x00000010   Code   RO       4135  .text          	critical.o
    0x08011930   0x0000004a   Code   RO       4141  .text          	fputs.o
    0x0801197a   0x00000002   PAD
    0x0801197c   0x00000008   Code   RO       4148  .text          	putc.o
    0x08011984   0x0000007c   Code   RO         20  .text.printHexLine	main.o
    0x08011a00   0x00000218   Code   RO         21  .text.startup.main	main.o
    0x08011c18   0x00000002   Code   RO         22  .text.HAL_SPI_TxRxCpltCallback	main.o
    0x08011c1a   0x00000002   PAD
    0x08011c1c   0x00000002   Code   RO         23  .text.Error_Handler	main.o
    0x08011c1e   0x00000002   PAD
    0x08011c20   0x00000014   Code   RO         24  .text.assert_failed	main.o
    0x08011c34   0x000000cc   Code   RO         49  .text.HAL_SPI_MspInit	wm_hal_msp.o
    0x08011d00   0x00000034   Code   RO         66  .text.CORET_IRQHandler	wm_it.o
    0x08011d34   0x00000034   Code   RO         67  .text.SPI_LS_IRQHandler	wm_it.o
    0x08011d68   0x00000034   Code   RO         68  .text.DMA_Channel0_IRQHandler	wm_it.o
    0x08011d9c   0x00000034   Code   RO         69  .text.DMA_Channel1_IRQHandler	wm_it.o
    0x08011dd0   0x00000030   Code   RO         86  .text.board_init	board_init.o
    0x08011e00   0x00000014   Code   RO        101  .text._out_uart	libc_port.o
    0x08011e14   0x00000002   Code   RO        102  .text._out_null	libc_port.o
    0x08011e16   0x00000002   PAD
    0x08011e18   0x0000009a   Code   RO        103  .text._out_rev 	libc_port.o
    0x08011eb2   0x00000002   PAD
    0x08011eb4   0x000001e6   Code   RO        104  .text._ntoa_format	libc_port.o
    0x0801209a   0x00000002   PAD
    0x0801209c   0x000000c0   Code   RO        105  .text._ntoa_long	libc_port.o
    0x0801215c   0x000000d6   Code   RO        106  .text._ntoa_long_long	libc_port.o
    0x08012232   0x00000002   PAD
    0x08012234   0x00000498   Code   RO        107  .text._ftoa    	libc_port.o
    0x080126cc   0x0000048a   Code   RO        108  .text._etoa    	libc_port.o
    0x08012b56   0x00000002   PAD
    0x08012b58   0x00000a5a   Code   RO        109  .text._vsnprintf	libc_port.o
    0x080135b2   0x00000002   PAD
    0x080135b4   0x0000001c   Code   RO        113  .text.fputc    	libc_port.o
    0x080135d0   0x00000034   Code   RO        120  .text.wm_printf	libc_port.o
    0x08013604   0x00000030   Code   RO        158  .text.SystemInit	system.o
    0x08013634   0x0000007c   Code   RO        173  .text.trap_c   	trap_c.o
    0x080136b0   0x0000009c   Code   RO        617  .text.vTaskSwitchContext	tasks.o
    0x0801374c   0x00000070   Code   RO        768  .text.HAL_InitTick	wm_cpu.o
    0x080137bc   0x00000060   Code   RO        769  .text.SystemClock_Config	wm_cpu.o
    0x0801381c   0x00000010   Code   RO        770  .text.HAL_IncTick	wm_cpu.o
    0x0801382c   0x0000000c   Code   RO        771  .text.HAL_GetTick	wm_cpu.o
    0x08013838   0x00000034   Code   RO        773  .text.HAL_NVIC_SetPriority	wm_cpu.o
    0x0801386c   0x00000020   Code   RO        774  .text.HAL_NVIC_EnableIRQ	wm_cpu.o
    0x0801388c   0x0000012c   Code   RO        792  .text.DMA_SetConfig	wm_dma.o
    0x080139b8   0x0000021c   Code   RO        793  .text.HAL_DMA_Init	wm_dma.o
    0x08013bd4   0x00000080   Code   RO        796  .text.HAL_DMA_Start_IT	wm_dma.o
    0x08013c54   0x000000da   Code   RO        800  .text.HAL_DMA_IRQHandler	wm_dma.o
    0x08013d2e   0x00000002   PAD
    0x08013d30   0x000001ec   Code   RO        819  .text.HAL_GPIO_Init	wm_gpio.o
    0x08013f1c   0x00000054   Code   RO        823  .text.HAL_GPIO_WritePin	wm_gpio.o
    0x08013f70   0x00000058   Code   RO       1029  .text.SPI_Receive_IT	wm_spi.o
    0x08013fc8   0x000000c4   Code   RO       1031  .text.HAL_SPI_Init	wm_spi.o
    0x0801408c   0x0000029a   Code   RO       1036  .text.HAL_SPI_TransmitReceive	wm_spi.o
    0x08014326   0x00000002   PAD
    0x08014328   0x00000002   Code   RO       1046  .text.HAL_SPI_TxCpltCallback	wm_spi.o
    0x0801432a   0x00000002   PAD
    0x0801432c   0x00000002   Code   RO       1047  .text.HAL_SPI_RxCpltCallback	wm_spi.o
    0x0801432e   0x00000002   PAD
    0x08014330   0x00000002   Code   RO       1055  .text.HAL_SPI_ErrorCallback	wm_spi.o
    0x08014332   0x00000002   PAD
    0x08014334   0x0000029a   Code   RO       1056  .text.HAL_SPI_IRQHandler	wm_spi.o
    0x080145ce   0x00000002   PAD
    0x080145d0   0x00000014   Data   RO       3987  .rodata        	_thenan_df.o
    0x080145e4   0x00000100   Data   RO       4008  .rodata        	_clz.o
    0x080146e4   0x0000002d   Data   RO         27  .rodata.assert_failed.str1.4	main.o
    0x08014711   0x00000003   PAD
    0x08014714   0x0000007f   Data   RO         28  .rodata.main.str1.4	main.o
    0x08014793   0x00000001   PAD
    0x08014794   0x00000051   Data   RO         29  .rodata.printHexLine.str1.4	main.o
    0x080147e5   0x00000003   PAD
    0x080147e8   0x000001e0   Data   RO        110  .rodata._vsnprintf	libc_port.o
    0x080149c8   0x00000015   Data   RO        130  .rodata._ftoa.str1.4	libc_port.o
    0x080149dd   0x00000003   PAD
    0x080149e0   0x00000050   Data   RO        131  .rodata.pow10.6361	libc_port.o
    0x08014a30   0x00000037   Data   RO        174  .rodata.trap_c.str1.4	trap_c.o
    0x08014a67   0x00000001   PAD
    0x08014a68   0x00000019   Data   RO        671  .rodata.prvDeleteTCB.str1.4	tasks.o
    0x08014a81   0x00000003   PAD
    0x08014a84   0x00000009   Data   RO        803  .rodata.DMA_SetConfig.str1.4	wm_dma.o
    0x08014a8d   0x00000003   PAD
    0x08014a90   0x00000014   Data   RO        820  .rodata.HAL_GPIO_Init	wm_gpio.o
    0x08014aa4   0x0000000a   Data   RO        827  .rodata.HAL_GPIO_Init.str1.4	wm_gpio.o
    0x08014aae   0x00000002   PAD
    0x08014ab0   0x0000000c   Data   RO       1059  .rodata.HAL_SPI_Init.str1.4	wm_spi.o

    Region D-SRAM (Base: 0x20000100, Size: 0x00006668, Max: 0x00047f00)

    Base Addr    Size         Type   Attr      Idx   Section Name       Object
    0x20000100   0x00000060   Data   RW       4065  .data          	stdinit.o
    0x20000160   0x00001000   Zero   RW        146  .bss           	startup.o
    0x20001160   0x00000204   Zero   RW        189  .bss           	vectors.o
    0x20001364   0x00002710   Zero   RW         25  .bss.rx_data   	main.o
    0x20003a74   0x00002710   Zero   RW         26  .bss.tx_data   	main.o
    0x20006184   0x00000004   Zero   RW        650  .bss.pxCurrentTCB	tasks.o
    0x20006188   0x000004ec   Zero   RW        653  .bss.pxReadyTasksLists	tasks.o
    0x20006674   0x00000004   Zero   RW        656  .bss.uxSchedulerSuspended	tasks.o
    0x20006678   0x00000004   Zero   RW        658  .bss.uxTopReadyPriority	tasks.o
    0x2000667c   0x00000004   Zero   RW        669  .bss.xYieldPending	tasks.o
    0x20006680   0x000000e0   Zero   RW         42  COMMON         	main.o
    0x20006760   0x00000008   Zero   RW        788  COMMON         	wm_cpu.o

    Region V-SRAM (Base: 0x20000000, Size: 0x00000000, Max: 0x00000100)

    Region *default* (Base: 0x00000000, Size: 0x00000000, Max: 0xffffffff)


======================================================================

Image component sizes

       Code    RO Data    RW Data    ZI Data      Debug   Object Name

          0          0          0          0          0   linker stubs
	------------------------------------------------------------
          0          0          0          0          0   Object Totals
         38         19          0          0          0   Pad
          0          0          0          0          0   LD_GEN

	------------------------------------------------------------
    [Library Name]: ./bin/build/W806/lib/libappuser.a
	------------------------------------------------------------
       Code    RO Data    RW Data    ZI Data      Debug   Library Member Name

        684        253          0      20224       6351   main.o
        204          0          0          0       4383   wm_hal_msp.o
        208          0          0          0       2810   wm_it.o
	------------------------------------------------------------
       1096        253          0      20224      13544   Library Totals
          0          0          0          0          0   Pad
          0          0          0          0          0   LD_GEN

	------------------------------------------------------------
    [Library Name]: ./bin/build/W806/lib/libwmarch.a
	------------------------------------------------------------
       Code    RO Data    RW Data    ZI Data      Debug   Library Member Name

         48          0          0          0       2646   board_init.o
       6136        581          0          0      26677   libc_port.o
        140          0          0       4096        259   startup.o
         48          0          0          0       1664   system.o
        124         55          0          0        863   trap_c.o
         80          0          0        516        232   vectors.o
	------------------------------------------------------------
       6576        636          0       4612      32341   Library Totals
          0          0          0          0          0   Pad
          0          0          0          0          0   LD_GEN

	------------------------------------------------------------
    [Library Name]: ./bin/build/W806/lib/libwmcomponent.a
	------------------------------------------------------------
       Code    RO Data    RW Data    ZI Data      Debug   Library Member Name

          0          0          0          0          0   ascii_fonts.o
          0          0          0          0          0   auto_dl.o
        160          0          0          0        291   cpu_task_sw.o
          0          0          0          0          0   croutine.o
          0          0          0          0          0   diskio.o
          0          0          0          0          0   event_groups.o
          0          0          0          0          0   ff.o
          0          0          0          0          0   ffsystem.o
          0          0          0          0          0   ffunicode.o
          0          0          0          0          0   heap_5.o
          0          0          0          0          0   list.o
          0          0          0          0          0   port.o
          0          0          0          0          0   queue.o
          0          0          0          0          0   stream_buffer.o
        156         25          0       1276      28871   tasks.o
          0          0          0          0          0   timers.o
	------------------------------------------------------------
        316         25          0       1276      29162   Library Totals
          0          0          0          0          0   Pad
          0          0          0          0          0   LD_GEN

	------------------------------------------------------------
    [Library Name]: ./bin/build/W806/lib/libdrivers.a
	------------------------------------------------------------
       Code    RO Data    RW Data    ZI Data      Debug   Library Member Name

          0          0          0          0          0   wm_adc.o
        320          0          0          8       5281   wm_cpu.o
       1186          9          0          0       5533   wm_dma.o
        576         30          0          0       3471   wm_gpio.o
          0          0          0          0          0   wm_hal.o
          0          0          0          0          0   wm_i2c.o
          0          0          0          0          0   wm_i2s.o
          0          0          0          0          0   wm_internal_flash.o
          0          0          0          0          0   wm_pmu.o
          0          0          0          0          0   wm_pwm.o
       1622         12          0          0      13164   wm_spi.o
          0          0          0          0          0   wm_spi_flash.o
          0          0          0          0          0   wm_tim.o
          0          0          0          0          0   wm_touch.o
          0          0          0          0          0   wm_uart.o
          0          0          0          0          0   wm_wdg.o
	------------------------------------------------------------
       3704         51          0          8      27449   Library Totals
          0          0          0          0          0   Pad
          0          0          0          0          0   LD_GEN

	------------------------------------------------------------
    [Library Name]: ./lib/W806/libdsp.a
	------------------------------------------------------------
       Code    RO Data    RW Data    ZI Data      Debug   Library Member Name

          0          0          0          0          0   csky_common_tables.o
          0          0          0          0          0   csky_common_fastmath_tables.o
          0          0          0          0          0   csky_common_cfft_tables.o
          0          0          0          0          0   csky_common_dct4_tables.o
          0          0          0          0          0   csky_common_rfft_tables.o
          0          0          0          0          0   csky_common_deprecate_tables.o
          0          0          0          0          0   csky_const_structs.o
          0          0          0          0          0   csky_abs_f32.o
          0          0          0          0          0   csky_add_f32.o
          0          0          0          0          0   csky_dot_prod_f32.o
          0          0          0          0          0   csky_mult_f32.o
          0          0          0          0          0   csky_negate_f32.o
          0          0          0          0          0   csky_offset_f32.o
          0          0          0          0          0   csky_scale_f32.o
          0          0          0          0          0   csky_sub_f32.o
          0          0          0          0          0   csky_abs_q15.o
          0          0          0          0          0   csky_abs_q31.o
          0          0          0          0          0   csky_abs_q7.o
          0          0          0          0          0   csky_abs_max_q15.o
          0          0          0          0          0   csky_abs_max_q31.o
          0          0          0          0          0   csky_add_q15.o
          0          0          0          0          0   csky_add_q31.o
          0          0          0          0          0   csky_add_q7.o
          0          0          0          0          0   csky_dot_prod_q15.o
          0          0          0          0          0   csky_dot_prod_q31.o
          0          0          0          0          0   csky_dot_prod_q7.o
          0          0          0          0          0   csky_mult_rnd_q15.o
          0          0          0          0          0   csky_mult_q15.o
          0          0          0          0          0   csky_mult_q31.o
          0          0          0          0          0   csky_mult_q7.o
          0          0          0          0          0   csky_negate_q15.o
          0          0          0          0          0   csky_negate_q31.o
          0          0          0          0          0   csky_negate_q7.o
          0          0          0          0          0   csky_offset_q15.o
          0          0          0          0          0   csky_offset_q31.o
          0          0          0          0          0   csky_offset_q7.o
          0          0          0          0          0   csky_scale_q15.o
          0          0          0          0          0   csky_scale_q31.o
          0          0          0          0          0   csky_scale_q7.o
          0          0          0          0          0   csky_shift_q15.o
          0          0          0          0          0   csky_shift_q31.o
          0          0          0          0          0   csky_shift_q7.o
          0          0          0          0          0   csky_sub_q15.o
          0          0          0          0          0   csky_sub_q31.o
          0          0          0          0          0   csky_sub_q7.o
          0          0          0          0          0   csky_cmplx_conj_f32.o
          0          0          0          0          0   csky_cmplx_dot_prod_f32.o
          0          0          0          0          0   csky_cmplx_mag_f32.o
          0          0          0          0          0   csky_cmplx_mag_squared_f32.o
          0          0          0          0          0   csky_cmplx_mult_cmplx_f32.o
          0          0          0          0          0   csky_cmplx_mult_cmplx_re_f32.o
          0          0          0          0          0   csky_cmplx_mult_real_f32.o
          0          0          0          0          0   csky_cmplx_conj_q15.o
          0          0          0          0          0   csky_cmplx_conj_q31.o
          0          0          0          0          0   csky_cmplx_dot_prod_q15.o
          0          0          0          0          0   csky_cmplx_dot_prod_q31.o
          0          0          0          0          0   csky_cmplx_mag_q15.o
          0          0          0          0          0   csky_cmplx_mag_q31.o
          0          0          0          0          0   csky_cmplx_mag_squared_q15.o
          0          0          0          0          0   csky_cmplx_mag_squared_q31.o
          0          0          0          0          0   csky_cmplx_mult_cmplx_q15.o
          0          0          0          0          0   csky_cmplx_mult_cmplx_re_q15.o
          0          0          0          0          0   csky_cmplx_mult_cmplx_q31.o
          0          0          0          0          0   csky_cmplx_mult_cmplx_re_q31.o
          0          0          0          0          0   csky_cmplx_mult_real_q15.o
          0          0          0          0          0   csky_cmplx_mult_real_q31.o
          0          0          0          0          0   csky_pid_init_f32.o
          0          0          0          0          0   csky_pid_init_q15.o
          0          0          0          0          0   csky_pid_init_q31.o
          0          0          0          0          0   csky_pid_reset_f32.o
          0          0          0          0          0   csky_pid_reset_q15.o
          0          0          0          0          0   csky_pid_reset_q31.o
          0          0          0          0          0   csky_sin_cos_f32.o
          0          0          0          0          0   csky_sin_cos_q31.o
          0          0          0          0          0   csky_cos_f32.o
          0          0          0          0          0   csky_sin_f32.o
          0          0          0          0          0   csky_sqrt_f32.o
          0          0          0          0          0   csky_cos_q15.o
          0          0          0          0          0   csky_sin_q15.o
          0          0          0          0          0   csky_sqrt_q15.o
          0          0          0          0          0   csky_sqrt_q31.o
          0          0          0          0          0   csky_pow_f64.o
          0          0          0          0          0   csky_exp_f64.o
          0          0          0          0          0   csky_pow2_f64.o
          0          0          0          0          0   csky_log_f64.o
          0          0          0          0          0   csky_log2_f64.o
          0          0          0          0          0   csky_log10_f64.o
          0          0          0          0          0   csky_cos_q31.o
          0          0          0          0          0   csky_sin_q31.o
          0          0          0          0          0   csky_biquad_cascade_df1_f32.o
          0          0          0          0          0   csky_biquad_cascade_df2T_f32.o
          0          0          0          0          0   csky_biquad_cascade_df2T_f64.o
          0          0          0          0          0   csky_biquad_cascade_stereo_df2T_f32.o
          0          0          0          0          0   csky_biquad_cascade_stereo_df2T_init_f32.o
          0          0          0          0          0   csky_conv_f32.o
          0          0          0          0          0   csky_conv_partial_f32.o
          0          0          0          0          0   csky_correlate_f32.o
          0          0          0          0          0   csky_fir_decimate_f32.o
          0          0          0          0          0   csky_fir_init_f32.o
          0          0          0          0          0   csky_fir_interpolate_f32.o
          0          0          0          0          0   csky_fir_lattice_f32.o
          0          0          0          0          0   csky_fir_sparse_f32.o
          0          0          0          0          0   csky_iir_lattice_f32.o
          0          0          0          0          0   csky_lms_f32.o
          0          0          0          0          0   csky_lms_norm_f32.o
          0          0          0          0          0   csky_biquad_cascade_df2T_init_f32.o
          0          0          0          0          0   csky_biquad_cascade_df2T_init_f64.o
          0          0          0          0          0   csky_biquad_cascade_df1_32x64_init_q31.o
          0          0          0          0          0   csky_biquad_cascade_df1_init_f32.o
          0          0          0          0          0   csky_biquad_cascade_df1_init_q15.o
          0          0          0          0          0   csky_biquad_cascade_df1_init_q31.o
          0          0          0          0          0   csky_fir_decimate_init_f32.o
          0          0          0          0          0   csky_fir_decimate_init_q15.o
          0          0          0          0          0   csky_fir_decimate_init_q31.o
          0          0          0          0          0   csky_fir_f32.o
          0          0          0          0          0   csky_fir_init_q15.o
          0          0          0          0          0   csky_fir_init_q31.o
          0          0          0          0          0   csky_fir_init_q7.o
          0          0          0          0          0   csky_fir_interpolate_init_f32.o
          0          0          0          0          0   csky_fir_interpolate_init_q15.o
          0          0          0          0          0   csky_fir_interpolate_init_q31.o
          0          0          0          0          0   csky_fir_lattice_init_f32.o
          0          0          0          0          0   csky_fir_lattice_init_q15.o
          0          0          0          0          0   csky_fir_lattice_init_q31.o
          0          0          0          0          0   csky_fir_sparse_init_f32.o
          0          0          0          0          0   csky_fir_sparse_init_q15.o
          0          0          0          0          0   csky_fir_sparse_init_q31.o
          0          0          0          0          0   csky_fir_sparse_init_q7.o
          0          0          0          0          0   csky_iir_lattice_init_f32.o
          0          0          0          0          0   csky_iir_lattice_init_q15.o
          0          0          0          0          0   csky_iir_lattice_init_q31.o
          0          0          0          0          0   csky_lms_init_f32.o
          0          0          0          0          0   csky_lms_init_q15.o
          0          0          0          0          0   csky_lms_init_q31.o
          0          0          0          0          0   csky_lms_norm_init_f32.o
          0          0          0          0          0   csky_lms_norm_init_q15.o
          0          0          0          0          0   csky_lms_norm_init_q31.o
          0          0          0          0          0   csky_biquad_cascade_df1_32x64_q31.o
          0          0          0          0          0   csky_biquad_cascade_df1_fast_q15.o
          0          0          0          0          0   csky_biquad_cascade_df1_fast_q31.o
          0          0          0          0          0   csky_biquad_cascade_df1_q15.o
          0          0          0          0          0   csky_biquad_cascade_df1_q31.o
          0          0          0          0          0   csky_conv_fast_opt_q15.o
          0          0          0          0          0   csky_conv_fast_q15.o
          0          0          0          0          0   csky_conv_fast_q31.o
          0          0          0          0          0   csky_conv_opt_q15.o
          0          0          0          0          0   csky_conv_opt_q7.o
          0          0          0          0          0   csky_conv_partial_fast_opt_q15.o
          0          0          0          0          0   csky_conv_partial_fast_q15.o
          0          0          0          0          0   csky_conv_partial_fast_q31.o
          0          0          0          0          0   csky_conv_partial_opt_q15.o
          0          0          0          0          0   csky_conv_partial_opt_q7.o
          0          0          0          0          0   csky_conv_partial_q15.o
          0          0          0          0          0   csky_conv_partial_q31.o
          0          0          0          0          0   csky_conv_partial_q7.o
          0          0          0          0          0   csky_conv_q15.o
          0          0          0          0          0   csky_conv_q31.o
          0          0          0          0          0   csky_conv_q7.o
          0          0          0          0          0   csky_correlate_fast_opt_q15.o
          0          0          0          0          0   csky_correlate_fast_q15.o
          0          0          0          0          0   csky_correlate_fast_q31.o
          0          0          0          0          0   csky_correlate_opt_q15.o
          0          0          0          0          0   csky_correlate_opt_q7.o
          0          0          0          0          0   csky_correlate_q15.o
          0          0          0          0          0   csky_correlate_q31.o
          0          0          0          0          0   csky_correlate_q7.o
          0          0          0          0          0   csky_fir_decimate_fast_q15.o
          0          0          0          0          0   csky_fir_decimate_fast_q31.o
          0          0          0          0          0   csky_fir_decimate_q15.o
          0          0          0          0          0   csky_fir_decimate_q31.o
          0          0          0          0          0   csky_fir_fast_q15.o
          0          0          0          0          0   csky_fir_fast_q31.o
          0          0          0          0          0   csky_fir_interpolate_q15.o
          0          0          0          0          0   csky_fir_interpolate_q31.o
          0          0          0          0          0   csky_fir_lattice_q15.o
          0          0          0          0          0   csky_fir_lattice_q31.o
          0          0          0          0          0   csky_fir_q15.o
          0          0          0          0          0   csky_fir_q31.o
          0          0          0          0          0   csky_fir_q7.o
          0          0          0          0          0   csky_fir_sparse_q15.o
          0          0          0          0          0   csky_fir_sparse_q31.o
          0          0          0          0          0   csky_fir_sparse_q7.o
          0          0          0          0          0   csky_iir_lattice_q15.o
          0          0          0          0          0   csky_iir_lattice_q31.o
          0          0          0          0          0   csky_lms_norm_q15.o
          0          0          0          0          0   csky_lms_norm_q31.o
          0          0          0          0          0   csky_lms_q15.o
          0          0          0          0          0   csky_lms_q31.o
          0          0          0          0          0   csky_mat_add_f32.o
          0          0          0          0          0   csky_mat_cmplx_mult_f32.o
          0          0          0          0          0   csky_mat_init_f32.o
          0          0          0          0          0   csky_mat_init_q15.o
          0          0          0          0          0   csky_mat_init_q31.o
          0          0          0          0          0   csky_mat_inverse_f32.o
          0          0          0          0          0   csky_mat_inverse_f64.o
          0          0          0          0          0   csky_mat_mult_f32.o
          0          0          0          0          0   csky_mat_scale_f32.o
          0          0          0          0          0   csky_mat_sub_f32.o
          0          0          0          0          0   csky_mat_trans_f32.o
          0          0          0          0          0   csky_mat_add_q15.o
          0          0          0          0          0   csky_mat_add_q31.o
          0          0          0          0          0   csky_mat_cmplx_mult_q15.o
          0          0          0          0          0   csky_mat_cmplx_mult_q31.o
          0          0          0          0          0   csky_mat_mult_fast_q15.o
          0          0          0          0          0   csky_mat_mult_fast_q31.o
          0          0          0          0          0   csky_mat_mult_q15.o
          0          0          0          0          0   csky_mat_mult_q31.o
          0          0          0          0          0   csky_mat_scale_q15.o
          0          0          0          0          0   csky_mat_scale_q31.o
          0          0          0          0          0   csky_mat_sub_q15.o
          0          0          0          0          0   csky_mat_sub_q31.o
          0          0          0          0          0   csky_mat_trans_q15.o
          0          0          0          0          0   csky_mat_trans_q31.o
          0          0          0          0          0   csky_max_f32.o
          0          0          0          0          0   csky_mean_f32.o
          0          0          0          0          0   csky_min_f32.o
          0          0          0          0          0   csky_power_f32.o
          0          0          0          0          0   csky_rms_f32.o
          0          0          0          0          0   csky_std_f32.o
          0          0          0          0          0   csky_var_f32.o
          0          0          0          0          0   csky_max_q15.o
          0          0          0          0          0   csky_max_q31.o
          0          0          0          0          0   csky_max_q7.o
          0          0          0          0          0   csky_mean_q15.o
          0          0          0          0          0   csky_mean_q31.o
          0          0          0          0          0   csky_mean_q7.o
          0          0          0          0          0   csky_min_q15.o
          0          0          0          0          0   csky_min_q31.o
          0          0          0          0          0   csky_min_q7.o
          0          0          0          0          0   csky_power_q15.o
          0          0          0          0          0   csky_power_q31.o
          0          0          0          0          0   csky_power_int32.o
          0          0          0          0          0   csky_power_q7.o
          0          0          0          0          0   csky_rms_q15.o
          0          0          0          0          0   csky_rms_q31.o
          0          0          0          0          0   csky_std_q15.o
          0          0          0          0          0   csky_std_q31.o
          0          0          0          0          0   csky_var_q15.o
          0          0          0          0          0   csky_var_q31.o
          0          0          0          0          0   csky_copy_f32.o
          0          0          0          0          0   csky_fill_f32.o
          0          0          0          0          0   csky_float_to_q15.o
          0          0          0          0          0   csky_float_to_q31.o
          0          0          0          0          0   csky_float_to_q7.o
          0          0          0          0          0   csky_q15_to_float.o
          0          0          0          0          0   csky_q31_to_float.o
          0          0          0          0          0   csky_q7_to_float.o
          0          0          0          0          0   csky_copy_q15.o
          0          0          0          0          0   csky_copy_q31.o
          0          0          0          0          0   csky_copy_q7.o
          0          0          0          0          0   csky_fill_q15.o
          0          0          0          0          0   csky_fill_q31.o
          0          0          0          0          0   csky_fill_q7.o
          0          0          0          0          0   csky_q15_to_q31.o
          0          0          0          0          0   csky_q15_to_q7.o
          0          0          0          0          0   csky_q31_to_q15.o
          0          0          0          0          0   csky_q31_to_q7.o
          0          0          0          0          0   csky_q7_to_q15.o
          0          0          0          0          0   csky_q7_to_q31.o
          0          0          0          0          0   csky_cfft_f32.o
          0          0          0          0          0   csky_cfft_q15.o
          0          0          0          0          0   csky_cfft_q31.o
          0          0          0          0          0   csky_cfft_radix2_f32.o
          0          0          0          0          0   csky_cfft_radix2_init_f32.o
          0          0          0          0          0   csky_cfft_radix2_init_q15.o
          0          0          0          0          0   csky_cfft_radix2_init_q31.o
          0          0          0          0          0   csky_cfft_radix2_q15.o
          0          0          0          0          0   csky_cfft_radix2_q31.o
          0          0          0          0          0   csky_cfft_radix4_f32.o
          0          0          0          0          0   csky_cfft_radix4_init_f32.o
          0          0          0          0          0   csky_cfft_radix4_init_q15.o
          0          0          0          0          0   csky_cfft_radix4_init_q31.o
          0          0          0          0          0   csky_cfft_radix4_q15.o
          0          0          0          0          0   csky_cfft_radix4_q31.o
          0          0          0          0          0   csky_radix8_butterfly_f32.o
          0          0          0          0          0   csky_dct4_f32.o
          0          0          0          0          0   csky_dct4_init_f32.o
          0          0          0          0          0   csky_dct4_init_q15.o
          0          0          0          0          0   csky_dct4_init_q31.o
          0          0          0          0          0   csky_rfft_f32.o
          0          0          0          0          0   csky_rfft_fast_f32.o
          0          0          0          0          0   csky_rfft_fast_init_f32.o
          0          0          0          0          0   csky_rfft_init_f32.o
          0          0          0          0          0   csky_rfft_init_q15.o
          0          0          0          0          0   csky_rfft_init_q31.o
          0          0          0          0          0   csky_rfft_q15.o
          0          0          0          0          0   csky_rfft_q31.o
          0          0          0          0          0   csky_bitreversal.o
          0          0          0          0          0   csky_bitreversal2.o
          0          0          0          0          0   csky_cfft_q15.o
          0          0          0          0          0   csky_cfft_q31.o
          0          0          0          0          0   csky_cfft_radix4_q15.o
          0          0          0          0          0   csky_cfft_radix4_q31.o
          0          0          0          0          0   csky_dct4_q15.o
          0          0          0          0          0   csky_dct4_q31.o
          0          0          0          0          0   csky_rfft_q15.o
          0          0          0          0          0   csky_rfft_q31.o
          0          0          0          0          0   csky_pow_q31_yv.o
          0          0          0          0          0   csky_sqrt_q31_yv.o
          0          0          0          0          0   csky_abs_max_q15_yv.o
          0          0          0          0          0   csky_abs_max_q31_yv.o
          0          0          0          0          0   csky_abs_q15_yv.o
          0          0          0          0          0   csky_abs_q31_yv.o
          0          0          0          0          0   csky_add_q15_yv.o
          0          0          0          0          0   csky_add_q31_yv.o
          0          0          0          0          0   csky_sub_q15_yv.o
          0          0          0          0          0   csky_sub_q31_yv.o
          0          0          0          0          0   csky_sum_q15_yv.o
          0          0          0          0          0   csky_sum_q31_yv.o
          0          0          0          0          0   csky_mult_q15_yv.o
          0          0          0          0          0   csky_mult_q31_yv.o
          0          0          0          0          0   csky_scale_q15_yv.o
          0          0          0          0          0   csky_scale_q31_yv.o
          0          0          0          0          0   csky_shift_q15_yv.o
          0          0          0          0          0   csky_shift_q31_yv.o
          0          0          0          0          0   csky_cmplx_conj_q15_yv.o
          0          0          0          0          0   csky_cmplx_conj_q31_yv.o
          0          0          0          0          0   csky_dot_prod_q15_yv.o
          0          0          0          0          0   csky_dot_prod_q31_yv.o
          0          0          0          0          0   csky_mat_cmplx_add_q15_yv.o
          0          0          0          0          0   csky_mat_cmplx_add_q31_yv.o
          0          0          0          0          0   csky_mat_cmplx_mult_q15_yv.o
          0          0          0          0          0   csky_mat_cmplx_mult_q31_yv.o
          0          0          0          0          0   csky_mat_cmplx_sub_q15_yv.o
          0          0          0          0          0   csky_mat_cmplx_sub_q31_yv.o
          0          0          0          0          0   csky_cfft_q15_yv.o
          0          0          0          0          0   csky_cfft_q31_yv.o
          0          0          0          0          0   csky_inv_cfft_q15_yv.o
          0          0          0          0          0   csky_inv_cfft_q31_yv.o
          0          0          0          0          0   csky_rfft_q15_yv.o
          0          0          0          0          0   csky_rfft_q31_yv.o
          0          0          0          0          0   csky_inv_rfft_q15_yv.o
          0          0          0          0          0   csky_inv_rfft_q31_yv.o
          0          0          0          0          0   csky_cfft_radix4_q15_yv.o
          0          0          0          0          0   csky_cfft_radix4_q31_yv.o
          0          0          0          0          0   csky_cfft_q15_yv.o
          0          0          0          0          0   csky_cfft_q31_yv.o
          0          0          0          0          0   csky_rfft_q31_yv.o
          0          0          0          0          0   csky_rfft_q15_yv.o
	------------------------------------------------------------
          0          0          0          0          0   Library Totals
          0          0          0          0          0   Pad
          0          0          0          0          0   LD_GEN

	------------------------------------------------------------
    [Library Name]: /opt/toolchains/csky-elfabiv2-tools-x86_64-minilibc-20230301/bin/../lib/gcc/csky-elfabiv2/6.3.0/../../../../csky-elfabiv2/lib/ck803/hard-fp/libm.a
	------------------------------------------------------------
       Code    RO Data    RW Data    ZI Data      Debug   Library Member Name

          0          0          0          0          0   fpclassify.o
	------------------------------------------------------------
          0          0          0          0          0   Library Totals
          0          0          0          0          0   Pad
          0          0          0          0          0   LD_GEN

	------------------------------------------------------------
    [Library Name]: /opt/toolchains/csky-elfabiv2-tools-x86_64-minilibc-20230301/bin/../lib/gcc/csky-elfabiv2/6.3.0/ck803/hard-fp/libgcc.a
	------------------------------------------------------------
       Code    RO Data    RW Data    ZI Data      Debug   Library Member Name

         56          0          0          0          0   _fixunsdfsi.o
          0          0          0          0          0   _fixsfdi.o
          0          0          0          0          0   _fixunssfdi.o
        820          0          0          0          0   _udivdi3.o
        804          0          0          0          0   _umoddi3.o
          0          0          0          0          0   _sf_to_df.o
        816          0          0          0          0   _addsub_df.o
        512          0          0          0          0   _mul_df.o
        280          0          0          0          0   _div_df.o
          0          0          0          0          0   _eq_df.o
         56          0          0          0          0   _ne_df.o
         64          0          0          0          0   _gt_df.o
         64          0          0          0          0   _ge_df.o
         56          0          0          0          0   _lt_df.o
        104          0          0          0          0   _si_to_df.o
        112          0          0          0          0   _df_to_si.o
          0          0          0          0          0   _make_df.o
          0         20          0          0          0   _thenan_df.o
         86          0          0          0          0   _usi_to_df.o
         74          0          0          0          0   _muldi3.o
          0        256          0          0          0   _clz.o
          0          0          0          0          0   _unpack_sf.o
        398          0          0          0          0   _pack_df.o
        228          0          0          0          0   _unpack_df.o
        194          0          0          0          0   _fpcmp_parts_df.o
	------------------------------------------------------------
       4724        276          0          0          0   Library Totals
          0          0          0          0          0   Pad
          0          0          0          0          0   LD_GEN

	------------------------------------------------------------
    [Library Name]: /opt/toolchains/csky-elfabiv2-tools-x86_64-minilibc-20230301/bin/../lib/gcc/csky-elfabiv2/6.3.0/../../../../csky-elfabiv2/lib/ck803/hard-fp/libc.a
	------------------------------------------------------------
       Code    RO Data    RW Data    ZI Data      Debug   Library Member Name

          0          0          0          0          0   isspace.o
         16          0          0          0          0   putchar.o
         24          0          0          0          0   puts.o
          0          0         96          0          0   stdinit.o
          0          0          0          0          0   strtod.o
          0          0          0          0          0   strtof.o
          0          0          0          0          0   abs.o
          0          0          0          0          0   memcmp_fast.o
          0          0          0          0          0   memcpy_fast.o
          0          0          0          0          0   memset_fast.o
          0          0          0          0          0   strchr.o
          0          0          0          0          0   strcpy_fast.o
          0          0          0          0          0   strlen_fast.o
          0          0          0          0          0   isdigit.o
          0          0          0          0          0   minilibc_init.o
         16          0          0          0          0   critical.o
         74          0          0          0          0   fputs.o
          8          0          0          0          0   putc.o
	------------------------------------------------------------
        138          0         96          0          0   Library Totals
          0          0          0          0          0   Pad
          0          0          0          0          0   LD_GEN

	------------------------------------------------------------
    [Library Name]: /opt/toolchains/csky-elfabiv2-tools-x86_64-minilibc-20230301/bin/../lib/gcc/csky-elfabiv2/6.3.0/ck803/hard-fp/libgcc.a
	------------------------------------------------------------
       Code    RO Data    RW Data    ZI Data      Debug   Library Member Name

          0          0          0          0          0   _df_to_sf.o
          0          0          0          0          0   _make_sf.o
          0          0          0          0          0   _pack_sf.o
	------------------------------------------------------------
          0          0          0          0          0   Library Totals
          0          0          0          0          0   Pad
          0          0          0          0          0   LD_GEN

	------------------------------------------------------------

======================================================================


       Code    RO Data    RW Data    ZI Data      Debug
      16592       1260         96      26120     102496   Grand Totals
      16592       1260         96      26120     102496   Elf Image Totals
      16592       1260         96          0          0   ROM Totals

======================================================================

Total	RO	Size (Code + RO Data)				17852 (  17.43kB)
Total	RW	Size (RW Data + ZI Data)			26216 (  25.60kB)
Total	ROM	Size (Code + RO Data + RW Data)		17948 (  17.53kB)

======================================================================
